
> backend@1.0.0 test
> jest src/__tests__/dashboard.test.ts --no-cache

jest-haste-map: duplicate manual mock found: prisma
  The following files share their name; please delete one of them:
    * <rootDir>\dist\__mocks__\prisma.js
    * <rootDir>\src\__mocks__\prisma.ts

  console.log
    [dotenv@17.3.1] injecting env (0) from .env -- tip: ­ƒøí´©Å auth for agents: https://vestauth.com

      at _log (node_modules/dotenv/lib/main.js:139:11)

  console.log
    [Request] GET /api/dashboard/stats | Origin: No Origin

      at src/app.ts:29:11

  console.log
    [Auth] User user-owner-123 authenticated for /stats

      at authenticate (src/middleware/auth.middleware.ts:39:13)

  console.log
    [Request] GET /api/dashboard/stats | Origin: No Origin

      at src/app.ts:29:11

  console.log
    [Auth] User user-owner-123 authenticated for /stats

      at authenticate (src/middleware/auth.middleware.ts:39:13)

  console.error
    TypeError: Cannot read properties of undefined (reading 'reduce')
        at getStats (C:\Users\Davi e Sarah\.gemini\antigravity\scratch\gestao_locacoes\backend\src\controllers\dashboard.controller.ts:89:55)
        at processTicksAndRejections (node:internal/process/task_queues:104:5)

    [0m [90m 232 |[39m     })[33m;[39m
     [90m 233 |[39m   } [36mcatch[39m (error) {
    [31m[1m>[22m[39m[90m 234 |[39m     console[33m.[39merror(error)[33m;[39m
     [90m     |[39m             [31m[1m^[22m[39m
     [90m 235 |[39m     res[33m.[39mstatus([35m500[39m)[33m.[39mjson({ error[33m:[39m [32m'Erro ao buscar estat├¡sticas do dashboard'[39m })[33m;[39m
     [90m 236 |[39m   }
     [90m 237 |[39m }[33m;[39m[0m

      at getStats (src/controllers/dashboard.controller.ts:234:13)

FAIL src/__tests__/dashboard.test.ts (33.419 s)
  Dashboard Controller
    GET /api/dashboard/stats
      ├ù deve retornar estat├¡sticas completas com sucesso (263 ms)
      ├ù deve retornar faturamento zero se n├úo houver pagamentos (426 ms)

  ÔùÅ Dashboard Controller ÔÇ║ GET /api/dashboard/stats ÔÇ║ deve retornar estat├¡sticas completas com sucesso

    expect(received).toHaveProperty(path, value)

    Expected path: "monthlyRevenue"

    Expected value: 5000
    Received value: 100

      72 |       expect(res.status).toBe(200);
      73 |       expect(res.body).toHaveProperty('totalProperties', 10);
    > 74 |       expect(res.body).toHaveProperty('monthlyRevenue', 5000);
         |                        ^
      75 |       expect(res.body).toHaveProperty('profileCompleted', true);
      76 |     });
      77 |

      at Object.<anonymous> (src/__tests__/dashboard.test.ts:74:24)

  ÔùÅ Dashboard Controller ÔÇ║ GET /api/dashboard/stats ÔÇ║ deve retornar faturamento zero se n├úo houver pagamentos

    expect(received).toBe(expected) // Object.is equality

    Expected: 200
    Received: 500

      84 |         .set(AUTH_HEADER(USER_ID));
      85 |
    > 86 |       expect(res.status).toBe(200);
         |                          ^
      87 |       expect(res.body.monthlyRevenue).toBe(0);
      88 |     });
      89 |   });

      at Object.<anonymous> (src/__tests__/dashboard.test.ts:86:26)

Test Suites: 1 failed, 1 total
Tests:       2 failed, 2 total
Snapshots:   0 total
Time:        33.732 s
Ran all test suites matching /src\\__tests__\\dashboard.test.ts/i.
